Java HotSpot(TM) 64-Bit Server VM (25.92-b14) for windows-amd64 JRE (1.8.0_92-b14), built on Mar 31 2016 21:03:04 by "java_re" with MS VC++ 10.0 (VS2010)
Memory: 4k page, physical 4098148k(791192k free), swap 8292452k(2444692k free)
CommandLine flags: -XX:+HeapDumpOnOutOfMemoryError -XX:HeapDumpPath=./dumps/ -XX:InitialHeapSize=536870912 -XX:+ManagementServer -XX:MaxHeapSize=536870912 -XX:MaxMetaspaceSize=268435456 -XX:OnOutOfMemoryError=taskkill /F /PID %p -XX:+PrintGC -XX:+PrintGCDateStamps -XX:+PrintGCDetails -XX:+PrintGCTimeStamps -XX:+UseCompressedClassPointers -XX:+UseCompressedOops -XX:-UseLargePagesIndividualAllocation -XX:+UseParallelGC -XX:+UseParallelOldGC 
2017-11-08T15:57:12.024+0300: 9.424: [GC (Allocation Failure) [PSYoungGen: 131584K->21488K(153088K)] 131584K->66251K(502784K), 0.2257310 secs] [Times: user=0.39 sys=0.03, real=0.23 secs] 
2017-11-08T15:57:38.088+0300: 35.488: [GC (Allocation Failure) [PSYoungGen: 153072K->21472K(153088K)] 197835K->152959K(502784K), 0.1909984 secs] [Times: user=0.63 sys=0.09, real=0.19 secs] 
2017-11-08T15:58:30.196+0300: 87.595: [GC (Allocation Failure) [PSYoungGen: 153056K->21472K(153088K)] 284543K->244631K(502784K), 0.2491394 secs] [Times: user=0.88 sys=0.03, real=0.25 secs] 
2017-11-08T15:59:37.115+0300: 154.514: [GC (Allocation Failure) [PSYoungGen: 153056K->21472K(153088K)] 376215K->333151K(502784K), 0.2274373 secs] [Times: user=0.88 sys=0.00, real=0.23 secs] 
2017-11-08T15:59:37.343+0300: 154.742: [Full GC (Ergonomics) [PSYoungGen: 21472K->0K(153088K)] [ParOldGen: 311679K->331565K(349696K)] 333151K->331565K(502784K), [Metaspace: 9839K->9835K(1058816K)], 4.1715645 secs] [Times: user=15.22 sys=0.01, real=4.17 secs] 
2017-11-08T16:01:22.707+0300: 260.106: [Full GC (Ergonomics) [PSYoungGen: 131584K->74173K(153088K)] [ParOldGen: 331565K->349688K(349696K)] 463149K->423861K(502784K), [Metaspace: 9847K->9847K(1058816K)], 1.7011924 secs] [Times: user=6.28 sys=0.00, real=1.70 secs] 
2017-11-08T16:02:22.339+0300: 319.738: [Full GC (Ergonomics) [PSYoungGen: 131584K->112705K(153088K)] [ParOldGen: 349688K->349335K(349696K)] 481272K->462040K(502784K), [Metaspace: 9850K->9741K(1058816K)], 1.8138390 secs] [Times: user=6.17 sys=0.02, real=1.81 secs] 
2017-11-08T16:02:43.714+0300: 341.114: [Full GC (Ergonomics) [PSYoungGen: 131584K->124558K(153088K)] [ParOldGen: 349335K->349335K(349696K)] 480919K->473893K(502784K), [Metaspace: 9743K->9743K(1058816K)], 1.0776407 secs] [Times: user=4.00 sys=0.00, real=1.08 secs] 
2017-11-08T16:02:51.715+0300: 349.114: [Full GC (Ergonomics) [PSYoungGen: 131584K->128804K(153088K)] [ParOldGen: 349335K->349325K(349696K)] 480919K->478129K(502784K), [Metaspace: 9744K->9729K(1058816K)], 1.4565731 secs] [Times: user=5.47 sys=0.03, real=1.46 secs] 
2017-11-08T16:02:55.712+0300: 353.111: [Full GC (Ergonomics) [PSYoungGen: 131584K->130386K(153088K)] [ParOldGen: 349325K->349325K(349696K)] 480909K->479712K(502784K), [Metaspace: 9729K->9729K(1058816K)], 1.2170778 secs] [Times: user=3.95 sys=0.00, real=1.22 secs] 
2017-11-08T16:02:58.169+0300: 355.568: [Full GC (Ergonomics) [PSYoungGen: 131584K->131103K(153088K)] [ParOldGen: 349325K->349325K(349696K)] 480909K->480429K(502784K), [Metaspace: 9729K->9729K(1058816K)], 1.2096635 secs] [Times: user=3.67 sys=0.00, real=1.21 secs] 
2017-11-08T16:02:59.711+0300: 357.110: [Full GC (Ergonomics) [PSYoungGen: 131584K->131305K(153088K)] [ParOldGen: 349325K->349325K(349696K)] 480909K->480630K(502784K), [Metaspace: 9730K->9730K(1058816K)], 1.1827587 secs] [Times: user=3.86 sys=0.00, real=1.18 secs] 
2017-11-08T16:03:00.897+0300: 358.296: [Full GC (Ergonomics) [PSYoungGen: 131584K->131314K(153088K)] [ParOldGen: 349325K->349325K(349696K)] 480909K->480640K(502784K), [Metaspace: 9731K->9731K(1058816K)], 1.7986408 secs] [Times: user=4.05 sys=0.00, real=1.80 secs] 
2017-11-08T16:03:02.701+0300: 360.100: [Full GC (Ergonomics) [PSYoungGen: 131584K->131327K(153088K)] [ParOldGen: 349325K->349325K(349696K)] 480909K->480653K(502784K), [Metaspace: 9731K->9731K(1058816K)], 1.5051517 secs] [Times: user=3.80 sys=0.00, real=1.51 secs] 
2017-11-08T16:03:04.275+0300: 361.674: [Full GC (Ergonomics) [PSYoungGen: 131584K->131338K(153088K)] [ParOldGen: 349325K->349325K(349696K)] 480909K->480664K(502784K), [Metaspace: 9732K->9732K(1058816K)], 1.0412592 secs] [Times: user=3.97 sys=0.00, real=1.04 secs] 
2017-11-08T16:03:05.318+0300: 362.717: [Full GC (Ergonomics) [PSYoungGen: 131584K->131349K(153088K)] [ParOldGen: 349325K->349325K(349696K)] 480909K->480675K(502784K), [Metaspace: 9732K->9732K(1058816K)], 1.0479585 secs] [Times: user=3.70 sys=0.00, real=1.05 secs] 
2017-11-08T16:03:06.470+0300: 363.869: [Full GC (Ergonomics) [PSYoungGen: 131584K->131406K(153088K)] [ParOldGen: 349325K->349325K(349696K)] 480909K->480732K(502784K), [Metaspace: 9733K->9733K(1058816K)], 1.8858127 secs] [Times: user=5.28 sys=0.00, real=1.89 secs] 
2017-11-08T16:03:08.356+0300: 365.756: [Full GC (Ergonomics) [PSYoungGen: 131584K->131408K(153088K)] [ParOldGen: 349325K->349325K(349696K)] 480909K->480733K(502784K), [Metaspace: 9733K->9733K(1058816K)], 1.1040579 secs] [Times: user=3.97 sys=0.00, real=1.10 secs] 
2017-11-08T16:03:09.461+0300: 366.860: [Full GC (Ergonomics) [PSYoungGen: 131584K->131408K(153088K)] [ParOldGen: 349325K->349325K(349696K)] 480909K->480734K(502784K), [Metaspace: 9733K->9733K(1058816K)], 1.0418168 secs] [Times: user=3.78 sys=0.00, real=1.04 secs] 
2017-11-08T16:03:10.503+0300: 367.902: [Full GC (Ergonomics) [PSYoungGen: 131584K->131409K(153088K)] [ParOldGen: 349325K->349325K(349696K)] 480909K->480734K(502784K), [Metaspace: 9733K->9733K(1058816K)], 1.5670961 secs] [Times: user=5.19 sys=0.05, real=1.57 secs] 
2017-11-08T16:03:12.071+0300: 369.470: [Full GC (Ergonomics) [PSYoungGen: 131584K->131409K(153088K)] [ParOldGen: 349325K->349325K(349696K)] 480909K->480735K(502784K), [Metaspace: 9733K->9733K(1058816K)], 1.0640475 secs] [Times: user=3.88 sys=0.00, real=1.06 secs] 
2017-11-08T16:03:13.135+0300: 370.534: [Full GC (Ergonomics) [PSYoungGen: 131584K->131409K(153088K)] [ParOldGen: 349325K->349325K(349696K)] 480909K->480735K(502784K), [Metaspace: 9733K->9733K(1058816K)], 1.0762171 secs] [Times: user=3.94 sys=0.00, real=1.08 secs] 
2017-11-08T16:03:14.212+0300: 371.611: [Full GC (Ergonomics) [PSYoungGen: 131584K->131416K(153088K)] [ParOldGen: 349325K->349325K(349696K)] 480909K->480742K(502784K), [Metaspace: 9733K->9733K(1058816K)], 1.2476662 secs] [Times: user=3.86 sys=0.00, real=1.25 secs] 
2017-11-08T16:03:15.460+0300: 372.859: [Full GC (Ergonomics) [PSYoungGen: 131584K->131416K(153088K)] [ParOldGen: 349325K->349325K(349696K)] 480909K->480742K(502784K), [Metaspace: 9733K->9733K(1058816K)], 1.1325436 secs] [Times: user=3.80 sys=0.00, real=1.13 secs] 
2017-11-08T16:03:16.595+0300: 373.994: [Full GC (Ergonomics) [PSYoungGen: 131584K->131420K(153088K)] [ParOldGen: 349325K->349325K(349696K)] 480909K->480746K(502784K), [Metaspace: 9733K->9733K(1058816K)], 1.4323155 secs] [Times: user=5.05 sys=0.00, real=1.43 secs] 
2017-11-08T16:03:18.027+0300: 375.426: [Full GC (Ergonomics) [PSYoungGen: 131584K->131420K(153088K)] [ParOldGen: 349325K->349325K(349696K)] 480909K->480746K(502784K), [Metaspace: 9733K->9733K(1058816K)], 0.9907075 secs] [Times: user=3.63 sys=0.00, real=0.99 secs] 
2017-11-08T16:03:19.018+0300: 376.417: [Full GC (Ergonomics) [PSYoungGen: 131584K->131423K(153088K)] [ParOldGen: 349325K->349325K(349696K)] 480909K->480748K(502784K), [Metaspace: 9733K->9733K(1058816K)], 1.0422530 secs] [Times: user=3.74 sys=0.00, real=1.04 secs] 
2017-11-08T16:03:20.062+0300: 377.462: [Full GC (Ergonomics) [PSYoungGen: 131584K->131450K(153088K)] [ParOldGen: 349325K->349325K(349696K)] 480909K->480775K(502784K), [Metaspace: 9738K->9738K(1058816K)], 1.4134350 secs] [Times: user=4.98 sys=0.02, real=1.41 secs] 
2017-11-08T16:03:21.477+0300: 378.876: [Full GC (Ergonomics) [PSYoungGen: 131584K->131458K(153088K)] [ParOldGen: 349325K->349325K(349696K)] 480909K->480783K(502784K), [Metaspace: 9738K->9738K(1058816K)], 0.9598493 secs] [Times: user=3.63 sys=0.00, real=0.96 secs] 
2017-11-08T16:03:22.437+0300: 379.837: [Full GC (Ergonomics) [PSYoungGen: 131584K->131461K(153088K)] [ParOldGen: 349325K->349325K(349696K)] 480909K->480786K(502784K), [Metaspace: 9738K->9738K(1058816K)], 0.9871624 secs] [Times: user=3.56 sys=0.00, real=0.99 secs] 
2017-11-08T16:03:23.425+0300: 380.824: [Full GC (Ergonomics) [PSYoungGen: 131584K->131468K(153088K)] [ParOldGen: 349325K->349325K(349696K)] 480909K->480793K(502784K), [Metaspace: 9738K->9738K(1058816K)], 0.9638481 secs] [Times: user=3.70 sys=0.00, real=0.96 secs] 
2017-11-08T16:03:24.389+0300: 381.789: [Full GC (Ergonomics) [PSYoungGen: 131584K->131478K(153088K)] [ParOldGen: 349325K->349325K(349696K)] 480909K->480804K(502784K), [Metaspace: 9738K->9738K(1058816K)], 0.9801765 secs] [Times: user=3.63 sys=0.00, real=0.98 secs] 
2017-11-08T16:03:25.372+0300: 382.771: [Full GC (Ergonomics) [PSYoungGen: 131584K->131503K(153088K)] [ParOldGen: 349325K->349324K(349696K)] 480909K->480828K(502784K), [Metaspace: 9739K->9739K(1058816K)], 1.4032901 secs] [Times: user=5.17 sys=0.02, real=1.40 secs] 
2017-11-08T16:03:26.776+0300: 384.175: [Full GC (Ergonomics) [PSYoungGen: 131584K->131510K(153088K)] [ParOldGen: 349324K->349324K(349696K)] 480908K->480835K(502784K), [Metaspace: 9739K->9739K(1058816K)], 0.9696477 secs] [Times: user=3.70 sys=0.00, real=0.97 secs] 
2017-11-08T16:03:27.746+0300: 385.145: [Full GC (Ergonomics) [PSYoungGen: 131584K->131510K(153088K)] [ParOldGen: 349324K->349324K(349696K)] 480908K->480835K(502784K), [Metaspace: 9739K->9739K(1058816K)], 0.9870234 secs] [Times: user=3.64 sys=0.00, real=0.99 secs] 
2017-11-08T16:03:28.734+0300: 386.133: [Full GC (Ergonomics) [PSYoungGen: 131584K->131516K(153088K)] [ParOldGen: 349324K->349324K(349696K)] 480908K->480841K(502784K), [Metaspace: 9739K->9739K(1058816K)], 0.9742798 secs] [Times: user=3.64 sys=0.00, real=0.97 secs] 
2017-11-08T16:03:29.709+0300: 387.109: [Full GC (Ergonomics) [PSYoungGen: 131584K->131532K(153088K)] [ParOldGen: 349324K->349324K(349696K)] 480908K->480857K(502784K), [Metaspace: 9739K->9739K(1058816K)], 0.9933396 secs] [Times: user=3.55 sys=0.00, real=0.99 secs] 
2017-11-08T16:03:30.704+0300: 388.103: [Full GC (Ergonomics) [PSYoungGen: 131584K->131545K(153088K)] [ParOldGen: 349324K->349324K(349696K)] 480908K->480870K(502784K), [Metaspace: 9739K->9739K(1058816K)], 0.9931014 secs] [Times: user=3.72 sys=0.00, real=0.99 secs] 
2017-11-08T16:03:31.699+0300: 389.098: [Full GC (Ergonomics) [PSYoungGen: 131584K->131550K(153088K)] [ParOldGen: 349324K->349324K(349696K)] 480908K->480875K(502784K), [Metaspace: 9739K->9739K(1058816K)], 0.9738159 secs] [Times: user=3.66 sys=0.00, real=0.97 secs] 
2017-11-08T16:03:32.675+0300: 390.075: [Full GC (Ergonomics) [PSYoungGen: 131584K->131556K(153088K)] [ParOldGen: 349324K->349324K(349696K)] 480908K->480881K(502784K), [Metaspace: 9740K->9740K(1058816K)], 0.9691243 secs] [Times: user=3.66 sys=0.00, real=0.97 secs] 
2017-11-08T16:03:33.645+0300: 391.045: [Full GC (Ergonomics) [PSYoungGen: 131584K->131568K(153088K)] [ParOldGen: 349324K->349324K(349696K)] 480908K->480893K(502784K), [Metaspace: 9740K->9740K(1058816K)], 0.9767353 secs] [Times: user=3.67 sys=0.00, real=0.98 secs] 
2017-11-08T16:03:34.623+0300: 392.022: [Full GC (Ergonomics) [PSYoungGen: 131584K->131568K(153088K)] [ParOldGen: 349324K->349324K(349696K)] 480908K->480892K(502784K), [Metaspace: 9740K->9740K(1058816K)], 0.9780687 secs] [Times: user=3.78 sys=0.00, real=0.98 secs] 
2017-11-08T16:03:35.602+0300: 393.001: [Full GC (Ergonomics) [PSYoungGen: 131583K->131571K(153088K)] [ParOldGen: 349324K->349307K(349696K)] 480908K->480878K(502784K), [Metaspace: 9740K->9740K(1058816K)], 1.3977587 secs] [Times: user=5.09 sys=0.00, real=1.40 secs] 
2017-11-08T16:03:37.000+0300: 394.400: [Full GC (Ergonomics) [PSYoungGen: 131584K->131570K(153088K)] [ParOldGen: 349307K->349307K(349696K)] 480891K->480877K(502784K), [Metaspace: 9740K->9740K(1058816K)], 0.9730358 secs] [Times: user=3.67 sys=0.00, real=0.97 secs] 
2017-11-08T16:03:37.974+0300: 395.373: [Full GC (Ergonomics) [PSYoungGen: 131584K->131577K(153088K)] [ParOldGen: 349307K->349307K(349696K)] 480891K->480884K(502784K), [Metaspace: 9740K->9740K(1058816K)], 0.9924561 secs] [Times: user=3.67 sys=0.00, real=0.99 secs] 
2017-11-08T16:03:38.967+0300: 396.366: [Full GC (Ergonomics) [PSYoungGen: 131584K->131579K(153088K)] [ParOldGen: 349307K->349307K(349696K)] 480891K->480887K(502784K), [Metaspace: 9740K->9740K(1058816K)], 1.3835667 secs] [Times: user=5.00 sys=0.02, real=1.38 secs] 
2017-11-08T16:03:40.351+0300: 397.750: [Full GC (Ergonomics) [PSYoungGen: 131584K->131573K(153088K)] [ParOldGen: 349307K->349277K(349696K)] 480891K->480851K(502784K), [Metaspace: 9740K->9679K(1058816K)], 1.4033316 secs] [Times: user=5.16 sys=0.00, real=1.40 secs] 
2017-11-08T16:03:41.760+0300: 399.159: [Full GC (Ergonomics) [PSYoungGen: 131584K->131575K(153088K)] [ParOldGen: 349277K->349277K(349696K)] 480861K->480853K(502784K), [Metaspace: 9679K->9679K(1058816K)], 1.4358854 secs] [Times: user=5.06 sys=0.00, real=1.44 secs] 
2017-11-08T16:03:50.650+0300: 408.050: [Full GC (Ergonomics) [PSYoungGen: 131584K->131579K(153088K)] [ParOldGen: 349277K->349277K(349696K)] 480861K->480856K(502784K), [Metaspace: 9679K->9679K(1058816K)], 1.0554113 secs] [Times: user=3.89 sys=0.00, real=1.06 secs] 
